2026-06-14 02:27:58,350 - INFO root init_dirs.py:28 - 宸插垱寤虹洰褰? D:\gitstore\wiz2obsidian\output\db
2026-06-14 02:27:58,352 - INFO root init_dirs.py:28 - 宸插垱寤虹洰褰? D:\gitstore\wiz2obsidian\output\log
2026-06-14 02:27:58,352 - INFO root init_dirs.py:28 - 宸插垱寤虹洰褰? D:\gitstore\wiz2obsidian\output\note
2026-06-14 02:27:58,402 - INFO root local_wiz_reader.py:76 - 璺宠繃绯荤粺璁板綍: guid=VALUEVERSION title=TEMPLATE_4 category=1539236051357
2026-06-14 02:27:58,402 - INFO root local_wiz_reader.py:76 - 璺宠繃绯荤粺璁板綍: guid=SERVER_INFO title=USER_TYPE category=vip
2026-06-14 02:27:58,403 - INFO root local_wiz_reader.py:76 - 璺宠繃绯荤粺璁板綍: guid=ACCOUNT title=DOUBLE_ELEVEN category=1
2026-06-14 02:27:58,404 - INFO root local_wiz_reader.py:76 - 璺宠繃绯荤粺璁板綍: guid=BIZS title=COUNT category=0
2026-06-14 02:27:58,404 - INFO root local_wiz_reader.py:76 - 璺宠繃绯荤粺璁板綍: guid=WIZKMSYNC title=PARAM_VERSION category=10000058
2026-06-14 02:27:58,404 - INFO root local_wiz_reader.py:76 - 璺宠繃绯荤粺璁板綍: guid=LOCALCHANGED title=PERSONALNOTES category=
2026-06-14 02:27:58,404 - INFO root local_wiz_reader.py:76 - 璺宠繃绯荤粺璁板綍: guid=SEARCH title=SEARCHTYPE category=0
2026-06-14 02:27:58,404 - INFO root local_wiz_reader.py:76 - 璺宠繃绯荤粺璁板綍: guid=CATEGORYCTRLLASTSELECTEDEXPANDED title=SELECTFOLDER category=0
2026-06-14 02:27:58,404 - INFO root local_wiz_reader.py:76 - 璺宠繃绯荤粺璁板綍: guid=NEVERNOTIFY title=ATTACHMENTNAMETOOLONG category=1
2026-06-14 02:27:58,604 - INFO root local_wiz_reader.py:97 - LocalWizReader: 鍏辫鍙栧埌 8273 鏉℃湁鏁堢瑪璁?

灏嗗鐞嗕互涓?3 鏉＄瑪璁帮細
  [__auto__] 闄勫綍:甯哥敤鎺掑簭绠楁硶  -> /My Notes/绠楁硶涓庢暟鎹粨鏋?sungoshawk/
  [__auto__] APUE  -> /My Notes/Linux/锛堢紪绋嬶級涔︾睄/
  [__auto__] 10.鏍堝拰闃熷垪  -> /My Notes/绠楁硶涓庢暟鎹粨鏋?sungoshawk/

2026-06-14 02:27:58,604 - INFO root database.py:16 - D:\gitstore\wiz2obsidian
2026-06-14 02:27:58,605 - INFO root database.py:31 - 鏁版嵁搴撹矾寰? D:\gitstore\wiz2obsidian\output\db\sync.db
2026-06-14 02:27:58,605 - INFO root database.py:13 - 
            CREATE TABLE IF NOT EXISTS note_sync_rec (
                id INTEGER PRIMARY KEY AUTOINCREMENT, -- 璁板綍鐨勫敮涓€鏍囪瘑绗︼紝鑷涓婚敭
                doc_guid TEXT NOT NULL UNIQUE, -- 鏂囨。鐨勫叏灞€鍞竴鏍囪瘑绗?
                type TEXT, -- 鏂囨。鐨勭被鍨?
                title TEXT NOT NULL, -- 鏂囨。鐨勬爣棰?
                category TEXT, -- 鏂囨。鐨勫垎绫?
                created INTEGER, -- 鏂囨。鍒涘缓鏃堕棿
                accessed INTEGER, -- 鏈€鍚庤闂椂闂?
                url TEXT, -- 鏂囨。鐨勯摼鎺?
                sync_status INTEGER, -- 鍚屾鐘舵€侊紙0涓烘湭鍚屾锛?涓哄凡鍚屾锛?
                fail_reason TEXT, -- 鍚屾澶辫触鐨勫師鍥?
                sync_time TEXT,-- 鍚屾鎴愬姛鏃堕棿
                create_time TIMESTAMP default (datetime('now', 'localtime')),
                update_time TIMESTAMP default (datetime('now', 'localtime'))
            )
        
2026-06-14 02:27:58,615 - INFO root database.py:13 - 
            CREATE TABLE IF NOT EXISTS note_image_sync_rec (
                id INTEGER PRIMARY KEY AUTOINCREMENT, -- 鍥剧墖鐨勫敮涓€鏍囪瘑绗︼紝鑷涓婚敭
                doc_guid TEXT NOT NULL, -- 鍏宠仈鏂囨。鐨勫叏灞€鍞竴鏍囪瘑绗?
                file_name TEXT NOT NULL, -- 鍥剧墖鍚嶇О
                upload_url TEXT,-- 涓婁紶鍥剧墖鍦板潃
                created INTEGER, -- 鍥剧墖娣诲姞鏃堕棿
                sync_status INTEGER, -- 鍚屾鐘舵€侊紙0涓烘湭鍚屾锛?涓哄凡鍚屾锛?
                fail_reason TEXT, -- 鍚屾澶辫触鐨勫師鍥?
                sync_time TEXT,-- 鍚屾鎴愬姛鏃堕棿
                create_time TIMESTAMP default (datetime('now', 'localtime')),
                update_time TIMESTAMP default (datetime('now', 'localtime'))
            )
        
2026-06-14 02:27:58,621 - INFO root database.py:13 - SELECT doc_guid FROM note_sync_rec WHERE doc_guid IN ('0b25a0a2-c75e-49c5-abd3-6e211a4e044a','08d1fabb-179d-4ca9-ac91-09907d732266','44aa55de-f672-4613-a31b-d94349a06f43')
2026-06-14 02:27:58,621 - INFO root database.py:121 - not_in_db_notes: []
2026-06-14 02:27:58,621 - INFO root local_note_synchronizer.py:54 - 鏂板 3 鏉″緟鍚屾绗旇
2026-06-14 02:27:58,621 - INFO root database.py:13 - BEGIN TRANSACTION
2026-06-14 02:27:58,621 - INFO root database.py:13 - 
                INSERT OR IGNORE INTO note_sync_rec (doc_guid, type, title, category, created, accessed, url, sync_status)
                VALUES ('0b25a0a2-c75e-49c5-abd3-6e211a4e044a', '__auto__', '闄勫綍:甯哥敤鎺掑簭绠楁硶', '/My Notes/绠楁硶涓庢暟鎹粨鏋?sungoshawk/', 1448273885000, 1448273885000, '', 0)
            
2026-06-14 02:27:58,622 - INFO root database.py:13 - 
                INSERT OR IGNORE INTO note_sync_rec (doc_guid, type, title, category, created, accessed, url, sync_status)
                VALUES ('08d1fabb-179d-4ca9-ac91-09907d732266', '__auto__', 'APUE', '/My Notes/Linux/锛堢紪绋嬶級涔︾睄/', 1448353535000, 1448353536000, '', 0)
            
2026-06-14 02:27:58,622 - INFO root database.py:13 - 
                INSERT OR IGNORE INTO note_sync_rec (doc_guid, type, title, category, created, accessed, url, sync_status)
                VALUES ('44aa55de-f672-4613-a31b-d94349a06f43', '__auto__', '10.鏍堝拰闃熷垪', '/My Notes/绠楁硶涓庢暟鎹粨鏋?sungoshawk/', 1448358949000, 1448358951000, '', 0)
            
2026-06-14 02:27:58,622 - INFO root database.py:13 - COMMIT
2026-06-14 02:27:58,626 - INFO root database.py:13 - 
            SELECT id, doc_guid, type, title, category, created, accessed, url FROM note_sync_rec
            WHERE sync_status in (0, -1) and id > 0
            LIMIT 10
        
sync.db 涓緟澶勭悊璁板綍鏁? 3
2026-06-14 02:27:58,626 - INFO root local_note_synchronizer.py:71 - 寮€濮嬪鐞? guid=0b25a0a2-c75e-49c5-abd3-6e211a4e044a title=闄勫綍:甯哥敤鎺掑簭绠楁硶
2026-06-14 02:27:58,627 - WARNING root local_wiz_reader.py:206 - _find_ziw: 鎵句笉鍒?.ziw: category=/My Notes/绠楁硶涓庢暟鎹粨鏋?sungoshawk/ title=闄勫綍:甯哥敤鎺掑簭绠楁硶 guid=0b25a0a2-c75e-49c5-abd3-6e211a4e044a
2026-06-14 02:27:58,627 - WARNING root local_note_synchronizer.py:112 - 鎵句笉鍒?.ziw 鏂囦欢: 鎵句笉鍒扮瑪璁?.ziw 鏂囦欢: guid=0b25a0a2-c75e-49c5-abd3-6e211a4e044a, title=闄勫綍:甯哥敤鎺掑簭绠楁硶
2026-06-14 02:27:58,627 - INFO root database.py:194 - update_note_sync_status: 0b25a0a2-c75e-49c5-abd3-6e211a4e044a, False, 鎵句笉鍒?.ziw 鏂囦欢: 鎵句笉鍒扮瑪璁?.ziw 鏂囦欢: guid=0b25a0a2-c75e-49c5-abd3-6e211a4e044a, title=闄勫綍:甯哥敤鎺掑簭绠楁硶
2026-06-14 02:27:58,627 - INFO root database.py:13 - BEGIN 
2026-06-14 02:27:58,627 - INFO root database.py:13 - UPDATE note_sync_rec SET fail_reason = '鎵句笉鍒?.ziw 鏂囦欢: 鎵句笉鍒扮瑪璁?.ziw 鏂囦欢: guid=0b25a0a2-c75e-49c5-abd3-6e211a4e044a, title=闄勫綍:甯哥敤鎺掑簭绠楁硶' , sync_status = -1 WHERE doc_guid = '0b25a0a2-c75e-49c5-abd3-6e211a4e044a'
2026-06-14 02:27:58,627 - INFO root database.py:13 - COMMIT
2026-06-14 02:27:58,631 - INFO root local_note_synchronizer.py:71 - 寮€濮嬪鐞? guid=08d1fabb-179d-4ca9-ac91-09907d732266 title=APUE
2026-06-14 02:27:58,636 - INFO root local_note_synchronizer.py:81 - 鑷姩妫€娴嬬被鍨? document guid=08d1fabb-179d-4ca9-ac91-09907d732266
2026-06-14 02:27:58,874 - INFO root database.py:194 - update_note_sync_status: 08d1fabb-179d-4ca9-ac91-09907d732266, True, 
2026-06-14 02:27:58,874 - INFO root database.py:13 - BEGIN 
2026-06-14 02:27:58,874 - INFO root database.py:13 - UPDATE note_sync_rec SET sync_time = datetime('now'), sync_status = 1 WHERE doc_guid = '08d1fabb-179d-4ca9-ac91-09907d732266'
2026-06-14 02:27:58,876 - INFO root database.py:13 - COMMIT
2026-06-14 02:27:58,879 - INFO root local_note_synchronizer.py:108 - 澶勭悊瀹屾垚: APUE
2026-06-14 02:27:58,879 - INFO root local_note_synchronizer.py:71 - 寮€濮嬪鐞? guid=44aa55de-f672-4613-a31b-d94349a06f43 title=10.鏍堝拰闃熷垪
2026-06-14 02:27:58,880 - INFO root local_note_synchronizer.py:81 - 鑷姩妫€娴嬬被鍨? document guid=44aa55de-f672-4613-a31b-d94349a06f43
2026-06-14 02:27:58,889 - INFO root local_wiz_reader.py:142 - get_note_images: 鎵惧埌 4 寮犲浘鐗?guid=44aa55de-f672-4613-a31b-d94349a06f43
2026-06-14 02:27:58,889 - INFO root database.py:13 - 
            SELECT file_name FROM note_image_sync_rec
            WHERE doc_guid = '44aa55de-f672-4613-a31b-d94349a06f43' and file_name in ('061847400327241\[1\].png')
        
2026-06-14 02:27:58,889 - INFO root database.py:13 - BEGIN 
2026-06-14 02:27:58,889 - INFO root database.py:13 - 
            INSERT INTO note_image_sync_rec (doc_guid, file_name, sync_status)
            VALUES ('44aa55de-f672-4613-a31b-d94349a06f43', '061847400327241\[1\].png', 0)
        
2026-06-14 02:27:58,891 - INFO root database.py:13 - COMMIT
2026-06-14 02:27:58,895 - WARNING root local_note_synchronizer.py:164 - 鍥剧墖鍦?.ziw 涓笉瀛樺湪: 061847400327241\[1\].png
2026-06-14 02:27:58,895 - INFO root database.py:215 - update_img_sync_status: 44aa55de-f672-4613-a31b-d94349a06f43, 061847400327241\[1\].png, False, 鍥剧墖鍦?.ziw 涓笉瀛樺湪: 061847400327241\[1\].png
2026-06-14 02:27:58,895 - INFO root database.py:13 - BEGIN 
2026-06-14 02:27:58,895 - INFO root database.py:13 - UPDATE note_image_sync_rec SET fail_reason = '鍥剧墖鍦?.ziw 涓笉瀛樺湪: 061847400327241\[1\].png' , sync_status = -1 WHERE doc_guid = '44aa55de-f672-4613-a31b-d94349a06f43' and file_name = '061847400327241\[1\].png'
2026-06-14 02:27:58,896 - INFO root database.py:13 - 
            SELECT file_name FROM note_image_sync_rec
            WHERE doc_guid = '44aa55de-f672-4613-a31b-d94349a06f43' and file_name in ('061847505163906\[1\].png')
        
2026-06-14 02:27:58,896 - INFO root database.py:13 - 
            INSERT INTO note_image_sync_rec (doc_guid, file_name, sync_status)
            VALUES ('44aa55de-f672-4613-a31b-d94349a06f43', '061847505163906\[1\].png', 0)
        
2026-06-14 02:27:58,896 - INFO root database.py:13 - COMMIT
2026-06-14 02:27:58,901 - WARNING root local_note_synchronizer.py:164 - 鍥剧墖鍦?.ziw 涓笉瀛樺湪: 061847505163906\[1\].png
2026-06-14 02:27:58,901 - INFO root database.py:215 - update_img_sync_status: 44aa55de-f672-4613-a31b-d94349a06f43, 061847505163906\[1\].png, False, 鍥剧墖鍦?.ziw 涓笉瀛樺湪: 061847505163906\[1\].png
2026-06-14 02:27:58,901 - INFO root database.py:13 - BEGIN 
2026-06-14 02:27:58,902 - INFO root database.py:13 - UPDATE note_image_sync_rec SET fail_reason = '鍥剧墖鍦?.ziw 涓笉瀛樺湪: 061847505163906\[1\].png' , sync_status = -1 WHERE doc_guid = '44aa55de-f672-4613-a31b-d94349a06f43' and file_name = '061847505163906\[1\].png'
2026-06-14 02:27:58,903 - INFO root database.py:13 - 
            SELECT file_name FROM note_image_sync_rec
            WHERE doc_guid = '44aa55de-f672-4613-a31b-d94349a06f43' and file_name in ('061847282045022\[1\].png')
        
2026-06-14 02:27:58,903 - INFO root database.py:13 - 
            INSERT INTO note_image_sync_rec (doc_guid, file_name, sync_status)
            VALUES ('44aa55de-f672-4613-a31b-d94349a06f43', '061847282045022\[1\].png', 0)
        
2026-06-14 02:27:58,903 - INFO root database.py:13 - COMMIT
2026-06-14 02:27:58,906 - WARNING root local_note_synchronizer.py:164 - 鍥剧墖鍦?.ziw 涓笉瀛樺湪: 061847282045022\[1\].png
2026-06-14 02:27:58,906 - INFO root database.py:215 - update_img_sync_status: 44aa55de-f672-4613-a31b-d94349a06f43, 061847282045022\[1\].png, False, 鍥剧墖鍦?.ziw 涓笉瀛樺湪: 061847282045022\[1\].png
2026-06-14 02:27:58,907 - INFO root database.py:13 - BEGIN 
2026-06-14 02:27:58,907 - INFO root database.py:13 - UPDATE note_image_sync_rec SET fail_reason = '鍥剧墖鍦?.ziw 涓笉瀛樺湪: 061847282045022\[1\].png' , sync_status = -1 WHERE doc_guid = '44aa55de-f672-4613-a31b-d94349a06f43' and file_name = '061847282045022\[1\].png'
2026-06-14 02:27:58,907 - INFO root database.py:13 - 
            SELECT file_name FROM note_image_sync_rec
            WHERE doc_guid = '44aa55de-f672-4613-a31b-d94349a06f43' and file_name in ('061847045326353\[1\].png')
        
2026-06-14 02:27:58,907 - INFO root database.py:13 - 
            INSERT INTO note_image_sync_rec (doc_guid, file_name, sync_status)
            VALUES ('44aa55de-f672-4613-a31b-d94349a06f43', '061847045326353\[1\].png', 0)
        
2026-06-14 02:27:58,907 - INFO root database.py:13 - COMMIT
2026-06-14 02:27:58,911 - WARNING root local_note_synchronizer.py:164 - 鍥剧墖鍦?.ziw 涓笉瀛樺湪: 061847045326353\[1\].png
2026-06-14 02:27:58,911 - INFO root database.py:215 - update_img_sync_status: 44aa55de-f672-4613-a31b-d94349a06f43, 061847045326353\[1\].png, False, 鍥剧墖鍦?.ziw 涓笉瀛樺湪: 061847045326353\[1\].png
2026-06-14 02:27:58,911 - INFO root database.py:13 - BEGIN 
2026-06-14 02:27:58,911 - INFO root database.py:13 - UPDATE note_image_sync_rec SET fail_reason = '鍥剧墖鍦?.ziw 涓笉瀛樺湪: 061847045326353\[1\].png' , sync_status = -1 WHERE doc_guid = '44aa55de-f672-4613-a31b-d94349a06f43' and file_name = '061847045326353\[1\].png'
2026-06-14 02:27:58,913 - INFO root database.py:194 - update_note_sync_status: 44aa55de-f672-4613-a31b-d94349a06f43, True, 
2026-06-14 02:27:58,913 - INFO root database.py:13 - UPDATE note_sync_rec SET sync_time = datetime('now'), sync_status = 1 WHERE doc_guid = '44aa55de-f672-4613-a31b-d94349a06f43'
2026-06-14 02:27:58,914 - INFO root database.py:13 - COMMIT
2026-06-14 02:27:58,918 - INFO root local_note_synchronizer.py:108 - 澶勭悊瀹屾垚: 10.鏍堝拰闃熷垪

=== 娴嬭瘯瀹屾垚锛屾鏌?output/note/ 鐩綍 ===
  output/note\My Notes\Linux\锛堢紪绋嬶級涔︾睄\APUE.md  (234228 bytes)
  output/note\My Notes\绠楁硶涓庢暟鎹粨鏋刓sungoshawk\10.鏍堝拰闃熷垪.md  (4494 bytes)
